-----BEGIN RSA PRIVATE KEY-----
Proc-Type: 4,ENCRYPTED
DEK-Info: DES-EDE3-CBC,25043ED12B9B1047

2GEgviH6nClKr3f1WI/L9UgUmNGoxHWKGwLtzC68lfrkyt9la2pdxHkY3DvSacWF
bv+xifubjKjDUdCa7tIvbY8yzJJpafurWYBSnUv9my4A9lT0d11eH3eKgpZGztko
OwZLrU34QrIuZcI1IpBevg1EcH9X8id2KO4PDPSRA8N6JmQ6bTxOfG/fwJUELwQ1
ky1gGJ5AWua1dxUHyEe0hbNKThHVVy5IzI64/99LNKwBrYIxgTowoji+c8nlWncK
5L6ziEUDa0c8wrkngrtgKV5Ps1vHJdn8pSM4x3+P5iCjY2lCLbd5Ey60mCYMFzwm
oAm6eseoVPBhkqyV+uClz42ULuQFr1+RGJeE+kcnf8RRq4y2bhK2LjMaeejSAXOV
kuT0c1OEcUhyb+ajWXfAtG3ilbYVXy9Ut34/+DpMsygsXDgRm1DbsI8L7aq+HNJD
cGSlvSAkXCgdiUHCzm3Ff4P+qKCfhUX9ENNGAGxrQi7rke9A/ipnxxcqpue3Z/Ak
RGBpKqkoilVBaTysFx00ZiUOUhB9FdoB7bavItiCDfrNJbODs9kY7eownKzA3cqz
5ztBSK9p/Xe0bzI42VXkOsHdgaEXGVONCz/YPwNvwJhP0lQc9vJXIfGMSMmsOLuW
JUPt6Vs/dKe3DFEN3qPXctyqzo17j1mbv4DSEyYt4FoyLhWULHPZEWn7tnmWci1y
ZDKgsDyyl0Wx6UkVAJc4hvWG3rME169bedHNWOq/bt4DwdVoTcq6EJZDaNWdWnO/
JBfxumlsd/3QoZK941HeULiH2LceKqReFh7zfoC1dLuGieij3/9ofA==
-----END RSA PRIVATE KEY-----
