# Compliant
congress:
illusion
# Non Compliant
babble:Pa$$w0rd
bind:$argon2i$v=19$m=65536,t=4,p=1$c2VyQ2l4bDFMeGxzclJpYQ$dOJDvYFjKpnSJAwtQz19XUmBABjsOE91dp7oajtVQWM
breakdown:$2y$10$r8leiD08femlITD8cvZnP.uY6pNQ7rwebRqkcxMP4gKrKqSTV6fq6
observance:{SHA}AnJtQPN45xaYHEMh1gujoyXtakw=
portfolio:$apr1$c6kwq0nl$DnHS96Ul7ywq.SJjp.Qlg0
